[
  {
    "date": "2025-01-01",
    "description": "Den obnovy samostatného českého státu",
    "locale": "cs-CZ",
    "notes": "",
    "region": "",
    "type": "NF"
  },
  {
    "date": "2025-01-01",
    "description": "Nový rok",
    "locale": "cs-CZ",
    "notes": "",
    "region": "",
    "type": "NF"
  },
  {
    "date": "2025-04-18",
    "description": "Velký pátek",
    "locale": "cs-CZ",
    "notes": "",
    "region": "",
    "type": "NRV"
  },
  {
    "date": "2025-04-21",
    "description": "Velikonoční pondělí",
    "locale": "cs-CZ",
    "notes": "",
    "region": "",
    "type": "NRV"
  },
  {
    "date": "2025-05-01",
    "description": "Svátek práce",
    "locale": "cs-CZ",
    "notes": "",
    "region": "",
    "type": "NF"
  },
  {
    "date": "2025-05-08",
    "description": "Den vítězství",
    "locale": "cs-CZ",
    "notes": "",
    "region": "",
    "type": "NF"
  },
  {
    "date": "2025-07-05",
    "description": "Den slovanských věrozvěstů Cyrila a Metoděje",
    "locale": "cs-CZ",
    "notes": "",
    "region": "",
    "type": "NRF"
  },
  {
    "date": "2025-07-06",
    "description": "Den upálení mistra Jana Husa",
    "locale": "cs-CZ",
    "notes": "",
    "region": "",
    "type": "NRF"
  },
  {
    "date": "2025-09-28",
    "description": "Den české státnosti",
    "locale": "cs-CZ",
    "notes": "",
    "region": "",
    "type": "NRF"
  },
  {
    "date": "2025-10-28",
    "description": "Den vzniku samostatného československého státu",
    "locale": "cs-CZ",
    "notes": "",
    "region": "",
    "type": "NF"
  },
  {
    "date": "2025-11-17",
    "description": "Den boje za svobodu a demokracii a Mezinárodní den studentstva",
    "locale": "cs-CZ",
    "notes": "",
    "region": "",
    "type": "NF"
  },
  {
    "date": "2025-12-24",
    "description": "Štědrý den",
    "locale": "cs-CZ",
    "notes": "",
    "region": "",
    "type": "NRF"
  },
  {
    "date": "2025-12-25",
    "description": "1. svátek vánoční",
    "locale": "cs-CZ",
    "notes": "",
    "region": "",
    "type": "NRF"
  },
  {
    "date": "2025-12-26",
    "description": "2. svátek vánoční",
    "locale": "cs-CZ",
    "notes": "",
    "region": "",
    "type": "NRF"
  }
]
