[
  {
    "date": "2025-01-01",
    "description": "Novo leto",
    "locale": "sl-SI",
    "notes": "",
    "region": "",
    "type": "NF"
  },
  {
    "date": "2025-01-02",
    "description": "Novo leto",
    "locale": "sl-SI",
    "notes": "",
    "region": "",
    "type": "NF"
  },
  {
    "date": "2025-02-08",
    "description": "Prešernov dan",
    "locale": "sl-SI",
    "notes": "",
    "region": "",
    "type": "NF"
  },
  {
    "date": "2025-04-20",
    "description": "Velikonočna nedelja",
    "locale": "sl-SI",
    "notes": "",
    "region": "",
    "type": "NRV"
  },
  {
    "date": "2025-04-21",
    "description": "Velikonočni ponedeljek",
    "locale": "sl-SI",
    "notes": "",
    "region": "",
    "type": "NRV"
  },
  {
    "date": "2025-04-27",
    "description": "Dan upora proti okupatorju",
    "locale": "sl-SI",
    "notes": "",
    "region": "",
    "type": "NF"
  },
  {
    "date": "2025-05-01",
    "description": "Praznik dela",
    "locale": "sl-SI",
    "notes": "",
    "region": "",
    "type": "NF"
  },
  {
    "date": "2025-05-02",
    "description": "Praznik dela",
    "locale": "sl-SI",
    "notes": "",
    "region": "",
    "type": "NF"
  },
  {
    "date": "2025-06-09",
    "description": "Binkošti",
    "locale": "sl-SI",
    "notes": "",
    "region": "",
    "type": "NRV"
  },
  {
    "date": "2025-06-25",
    "description": "Dan državnosti",
    "locale": "sl-SI",
    "notes": "",
    "region": "",
    "type": "NF"
  },
  {
    "date": "2025-08-15",
    "description": "Marijino vnebovzetje",
    "locale": "sl-SI",
    "notes": "",
    "region": "",
    "type": "NRF"
  },
  {
    "date": "2025-10-31",
    "description": "Dan reformacije",
    "locale": "sl-SI",
    "notes": "",
    "region": "",
    "type": "NRF"
  },
  {
    "date": "2025-11-01",
    "description": "Dan spomina na mrtve",
    "locale": "sl-SI",
    "notes": "",
    "region": "",
    "type": "NF"
  },
  {
    "date": "2025-12-25",
    "description": "Božič",
    "locale": "sl-SI",
    "notes": "",
    "region": "",
    "type": "NF"
  },
  {
    "date": "2025-12-26",
    "description": "Dan samostojnosti in enotnosti",
    "locale": "sl-SI",
    "notes": "",
    "region": "",
    "type": "NF"
  }
]
