[
  {
    "date": "2025-01-01",
    "description": "Nyttårsdag",
    "locale": "nb-NO",
    "notes": "",
    "region": "",
    "type": "NF"
  },
  {
    "date": "2025-03-02",
    "description": "Fastelavn",
    "locale": "nb-NO",
    "notes": "",
    "region": "",
    "type": "NRV"
  },
  {
    "date": "2025-04-13",
    "description": "Palmesøndag",
    "locale": "nb-NO",
    "notes": "",
    "region": "",
    "type": "NRV"
  },
  {
    "date": "2025-04-17",
    "description": "Skjærtorsdag",
    "locale": "nb-NO",
    "notes": "",
    "region": "",
    "type": "NRV"
  },
  {
    "date": "2025-04-18",
    "description": "Langfredag",
    "locale": "nb-NO",
    "notes": "",
    "region": "",
    "type": "NRV"
  },
  {
    "date": "2025-04-20",
    "description": "Påskedag",
    "locale": "nb-NO",
    "notes": "",
    "region": "",
    "type": "NRV"
  },
  {
    "date": "2025-04-21",
    "description": "Påskedag",
    "locale": "nb-NO",
    "notes": "",
    "region": "",
    "type": "NRV"
  },
  {
    "date": "2025-05-01",
    "description": "Offentlig Høytidsdag",
    "locale": "nb-NO",
    "notes": "",
    "region": "",
    "type": "NF"
  },
  {
    "date": "2025-05-08",
    "description": "Frigjøringsdag 1945",
    "locale": "nb-NO",
    "notes": "",
    "region": "",
    "type": "NF"
  },
  {
    "date": "2025-05-17",
    "description": "Grunnlovsdag",
    "locale": "nb-NO",
    "notes": "",
    "region": "",
    "type": "NF"
  },
  {
    "date": "2025-05-29",
    "description": "Kristi Himmelfartsdag",
    "locale": "nb-NO",
    "notes": "",
    "region": "",
    "type": "NRV"
  },
  {
    "date": "2025-06-08",
    "description": "Pinsedag",
    "locale": "nb-NO",
    "notes": "",
    "region": "",
    "type": "NRV"
  },
  {
    "date": "2025-06-09",
    "description": "Pinsedag",
    "locale": "nb-NO",
    "notes": "",
    "region": "",
    "type": "NRV"
  },
  {
    "date": "2025-12-24",
    "description": "Julaften",
    "locale": "nb-NO",
    "notes": "",
    "region": "",
    "type": "NRF"
  },
  {
    "date": "2025-12-25",
    "description": "Juledag",
    "locale": "nb-NO",
    "notes": "",
    "region": "",
    "type": "NRF"
  },
  {
    "date": "2025-12-26",
    "description": "Juledag",
    "locale": "nb-NO",
    "notes": "",
    "region": "",
    "type": "NRF"
  },
  {
    "date": "2025-12-31",
    "description": "Nyttårsaften",
    "locale": "nb-NO",
    "notes": "",
    "region": "",
    "type": "NF"
  }
]
