[
  {
    "date": "2025-01-01",
    "description": "Nieuwjaarsdag",
    "locale": "nl-NL",
    "notes": "",
    "region": "",
    "type": "NF"
  },
  {
    "date": "2025-04-18",
    "description": "Goede Vrijdag",
    "locale": "nl-NL",
    "notes": "",
    "region": "",
    "type": "NRV"
  },
  {
    "date": "2025-04-20",
    "description": "Eerste Paasdag",
    "locale": "nl-NL",
    "notes": "",
    "region": "",
    "type": "NRV"
  },
  {
    "date": "2025-04-21",
    "description": "Tweede Paasdag",
    "locale": "nl-NL",
    "notes": "",
    "region": "",
    "type": "NRV"
  },
  {
    "date": "2025-04-26",
    "description": "Koningsdag",
    "locale": "nl-NL",
    "notes": "",
    "region": "",
    "type": "NV"
  },
  {
    "date": "2025-05-04",
    "description": "Dodenherdenking",
    "locale": "nl-NL",
    "notes": "",
    "region": "",
    "type": "NF"
  },
  {
    "date": "2025-05-05",
    "description": "Bevrijdingsdag",
    "locale": "nl-NL",
    "notes": "",
    "region": "",
    "type": "NF"
  },
  {
    "date": "2025-05-29",
    "description": "Hemelvaartsdag",
    "locale": "nl-NL",
    "notes": "",
    "region": "",
    "type": "NRV"
  },
  {
    "date": "2025-06-08",
    "description": "Eerste Pinksterdag",
    "locale": "nl-NL",
    "notes": "",
    "region": "",
    "type": "NRV"
  },
  {
    "date": "2025-06-09",
    "description": "Tweede Pinksterdag",
    "locale": "nl-NL",
    "notes": "",
    "region": "",
    "type": "NRV"
  },
  {
    "date": "2025-12-05",
    "description": "Sinterklaas",
    "locale": "nl-NL",
    "notes": "",
    "region": "",
    "type": "NRF"
  },
  {
    "date": "2025-12-15",
    "description": "Koninkrijksdag",
    "locale": "nl-NL",
    "notes": "",
    "region": "",
    "type": "NV"
  },
  {
    "date": "2025-12-25",
    "description": "Eerste Kerstdag",
    "locale": "nl-NL",
    "notes": "",
    "region": "",
    "type": "NRF"
  },
  {
    "date": "2025-12-26",
    "description": "Tweede Kerstdag",
    "locale": "nl-NL",
    "notes": "",
    "region": "",
    "type": "NRF"
  }
]
