[
  {
    "date": "2025-01-01",
    "description": "New Year's Day",
    "locale": "en-NZ",
    "notes": "",
    "region": "",
    "type": "NF"
  },
  {
    "date": "2025-01-02",
    "description": "Day after New Year's Day",
    "locale": "en-NZ",
    "notes": "",
    "region": "",
    "type": "NV"
  },
  {
    "date": "2025-02-06",
    "description": "Waitangi Day",
    "locale": "en-NZ",
    "notes": "",
    "region": "",
    "type": "NF"
  },
  {
    "date": "2025-04-18",
    "description": "Good Friday",
    "locale": "en-NZ",
    "notes": "",
    "region": "",
    "type": "NRV"
  },
  {
    "date": "2025-04-21",
    "description": "Easter Monday",
    "locale": "en-NZ",
    "notes": "",
    "region": "",
    "type": "NRV"
  },
  {
    "date": "2025-04-25",
    "description": "ANZAC Day",
    "locale": "en-NZ",
    "notes": "",
    "region": "",
    "type": "NF"
  },
  {
    "date": "2025-06-02",
    "description": "Queen's Birthday",
    "locale": "en-NZ",
    "notes": "",
    "region": "",
    "type": "NV"
  },
  {
    "date": "2025-10-27",
    "description": "Labour Day",
    "locale": "en-NZ",
    "notes": "",
    "region": "",
    "type": "NV"
  },
  {
    "date": "2025-12-25",
    "description": "Christmas Day",
    "locale": "en-NZ",
    "notes": "",
    "region": "",
    "type": "NRF"
  },
  {
    "date": "2025-12-26",
    "description": "Boxing Day",
    "locale": "en-NZ",
    "notes": "",
    "region": "",
    "type": "NF"
  }
]
