[
  {
    "date": "2025-01-01",
    "description": "New Year's Day",
    "locale": "en-GB",
    "notes": "",
    "region": "",
    "type": "NF"
  },
  {
    "date": "2025-04-18",
    "description": "Good Friday",
    "locale": "en-GB",
    "notes": "",
    "region": "",
    "type": "NRV"
  },
  {
    "date": "2025-04-21",
    "description": "Easter Monday",
    "locale": "en-GB",
    "notes": "",
    "region": "",
    "type": "NRV"
  },
  {
    "date": "2025-05-05",
    "description": "Early May Bank Holiday",
    "locale": "en-GB",
    "notes": "",
    "region": "",
    "type": "NV"
  },
  {
    "date": "2025-05-26",
    "description": "Spring Bank Holiday",
    "locale": "en-GB",
    "notes": "",
    "region": "",
    "type": "NV"
  },
  {
    "date": "2025-08-25",
    "description": "August Bank Holiday",
    "locale": "en-GB",
    "notes": "",
    "region": "",
    "type": "NV"
  },
  {
    "date": "2025-12-25",
    "description": "Christmas Day",
    "locale": "en-GB",
    "notes": "",
    "region": "",
    "type": "NRF"
  },
  {
    "date": "2025-12-26",
    "description": "Boxing Day",
    "locale": "en-GB",
    "notes": "",
    "region": "",
    "type": "NF"
  }
]
