[
  {
    "date": "2025-01-01",
    "description": "Nyårsdagen",
    "locale": "sv-SE",
    "notes": "",
    "region": "",
    "type": "NF"
  },
  {
    "date": "2025-01-06",
    "description": "Trettondedag jul",
    "locale": "sv-SE",
    "notes": "",
    "region": "",
    "type": "NRF"
  },
  {
    "date": "2025-04-18",
    "description": "Långfredagen",
    "locale": "sv-SE",
    "notes": "",
    "region": "",
    "type": "NRV"
  },
  {
    "date": "2025-04-20",
    "description": "Påskdagen",
    "locale": "sv-SE",
    "notes": "",
    "region": "",
    "type": "NRV"
  },
  {
    "date": "2025-04-21",
    "description": "Annandag påsk",
    "locale": "sv-SE",
    "notes": "",
    "region": "",
    "type": "NRV"
  },
  {
    "date": "2025-05-01",
    "description": "Första maj",
    "locale": "sv-SE",
    "notes": "",
    "region": "",
    "type": "NF"
  },
  {
    "date": "2025-05-29",
    "description": "Kristi himmelsfärdsdag",
    "locale": "sv-SE",
    "notes": "",
    "region": "",
    "type": "NRV"
  },
  {
    "date": "2025-06-06",
    "description": "Nationaldagen",
    "locale": "sv-SE",
    "notes": "",
    "region": "",
    "type": "NF"
  },
  {
    "date": "2025-06-08",
    "description": "Pingstdagen",
    "locale": "sv-SE",
    "notes": "",
    "region": "",
    "type": "NRV"
  },
  {
    "date": "2025-06-20",
    "description": "Midsommarafton",
    "locale": "sv-SE",
    "notes": "",
    "region": "",
    "type": "NV"
  },
  {
    "date": "2025-06-21",
    "description": "Midsommardagen",
    "locale": "sv-SE",
    "notes": "",
    "region": "",
    "type": "NV"
  },
  {
    "date": "2025-11-01",
    "description": "Alla helgons dag",
    "locale": "sv-SE",
    "notes": "",
    "region": "",
    "type": "NRV"
  },
  {
    "date": "2025-12-24",
    "description": "Julafton",
    "locale": "sv-SE",
    "notes": "",
    "region": "",
    "type": "NRF"
  },
  {
    "date": "2025-12-25",
    "description": "Juldagen",
    "locale": "sv-SE",
    "notes": "",
    "region": "",
    "type": "NRF"
  },
  {
    "date": "2025-12-26",
    "description": "Annandag jul",
    "locale": "sv-SE",
    "notes": "",
    "region": "",
    "type": "NRF"
  },
  {
    "date": "2025-12-31",
    "description": "Nyårsafton",
    "locale": "sv-SE",
    "notes": "",
    "region": "",
    "type": "NF"
  }
]
