[
  {
    "date": "2025-01-01",
    "description": "Capodanno",
    "locale": "it-IT",
    "notes": "",
    "region": "",
    "type": "NF"
  },
  {
    "date": "2025-01-06",
    "description": "Epifania",
    "locale": "it-IT",
    "notes": "",
    "region": "",
    "type": "NRF"
  },
  {
    "date": "2025-04-20",
    "description": "Pasqua",
    "locale": "it-IT",
    "notes": "",
    "region": "",
    "type": "NRV"
  },
  {
    "date": "2025-04-21",
    "description": "Pasquetta",
    "locale": "it-IT",
    "notes": "",
    "region": "",
    "type": "NRV"
  },
  {
    "date": "2025-04-25",
    "description": "Festa della liberazione",
    "locale": "it-IT",
    "notes": "",
    "region": "",
    "type": "NF"
  },
  {
    "date": "2025-05-01",
    "description": "Festa del lavoro",
    "locale": "it-IT",
    "notes": "",
    "region": "",
    "type": "NF"
  },
  {
    "date": "2025-06-02",
    "description": "Festa della repubblica",
    "locale": "it-IT",
    "notes": "",
    "region": "",
    "type": "NF"
  },
  {
    "date": "2025-08-15",
    "description": "Assunzione (ferragosto)",
    "locale": "it-IT",
    "notes": "",
    "region": "",
    "type": "NRF"
  },
  {
    "date": "2025-11-01",
    "description": "Ognissanti",
    "locale": "it-IT",
    "notes": "",
    "region": "",
    "type": "NRF"
  },
  {
    "date": "2025-12-08",
    "description": "Immacolata concezione",
    "locale": "it-IT",
    "notes": "",
    "region": "",
    "type": "NRF"
  },
  {
    "date": "2025-12-25",
    "description": "Natale",
    "locale": "it-IT",
    "notes": "",
    "region": "",
    "type": "NRF"
  },
  {
    "date": "2025-12-26",
    "description": "S.to Stefano",
    "locale": "it-IT",
    "notes": "",
    "region": "",
    "type": "NRF"
  }
]
