[
  {
    "date": "2025-01-01",
    "description": "Újév",
    "locale": "hu-HU",
    "notes": "",
    "region": "",
    "type": "NF"
  },
  {
    "date": "2025-03-15",
    "description": "Az 1848-as forradalom ünnepe",
    "locale": "hu-HU",
    "notes": "",
    "region": "",
    "type": "NF"
  },
  {
    "date": "2025-04-18",
    "description": "Nagypéntek",
    "locale": "hu-HU",
    "notes": "",
    "region": "",
    "type": "NRV"
  },
  {
    "date": "2025-04-20",
    "description": "Húsvét",
    "locale": "hu-HU",
    "notes": "",
    "region": "",
    "type": "NRV"
  },
  {
    "date": "2025-04-21",
    "description": "Húsvéthétfő",
    "locale": "hu-HU",
    "notes": "",
    "region": "",
    "type": "NRV"
  },
  {
    "date": "2025-05-01",
    "description": "A munka ünnepe",
    "locale": "hu-HU",
    "notes": "",
    "region": "",
    "type": "NF"
  },
  {
    "date": "2025-05-02",
    "description": "Munkaszüneti nap",
    "locale": "hu-HU",
    "notes": "2025-05-17 munkanap",
    "region": "",
    "type": "NF"
  },
  {
    "date": "2025-06-08",
    "description": "Pünkösd",
    "locale": "hu-HU",
    "notes": "",
    "region": "",
    "type": "NRV"
  },
  {
    "date": "2025-06-09",
    "description": "Pünkösdhétfő",
    "locale": "hu-HU",
    "notes": "",
    "region": "",
    "type": "NRV"
  },
  {
    "date": "2025-08-20",
    "description": "Az államalapítás ünnepe",
    "locale": "hu-HU",
    "notes": "",
    "region": "",
    "type": "NF"
  },
  {
    "date": "2025-10-23",
    "description": "Az 1956-os forradalom ünnepe",
    "locale": "hu-HU",
    "notes": "",
    "region": "",
    "type": "NF"
  },
  {
    "date": "2025-10-24",
    "description": "Munkaszüneti nap",
    "locale": "hu-HU",
    "notes": "2025-10-18 munkanap",
    "region": "",
    "type": "NF"
  },
  {
    "date": "2025-11-01",
    "description": "Mindenszentek",
    "locale": "hu-HU",
    "notes": "",
    "region": "",
    "type": "NRF"
  },
  {
    "date": "2025-12-24",
    "description": "Munkaszüneti nap",
    "locale": "hu-HU",
    "notes": "2025-12-13 munkanap",
    "region": "",
    "type": "NF"
  },
  {
    "date": "2025-12-25",
    "description": "Karácsony",
    "locale": "hu-HU",
    "notes": "",
    "region": "",
    "type": "NRF"
  },
  {
    "date": "2025-12-26",
    "description": "Karácsony",
    "locale": "hu-HU",
    "notes": "",
    "region": "",
    "type": "NRF"
  }
]
